// Jest Snapshot v1, https://goo.gl/fbAQLP

exports[`OnOffAnalyzerPage OnOffAnalyzerPage - should create snapshot 1`] = `
<Container
  fluid={false}
>
  <ForwardRef
    noGutters={false}
  >
    <Col
      xs={8}
    >
      <h3>
        CBB On/Off Analysis Tool 
        <span
          className="badge badge-pill badge-info"
        >
          BETA!
        </span>
      </h3>
    </Col>
    <Col
      xs={1}
    >
      <span
        className="float-right"
      >
        <a
          href="https://hoop-explorer.blogspot.com"
          target="_new"
        >
          Blog
        </a>
      </span>
    </Col>
    <Col>
      <span
        className="float-right"
      >
        <span>
          <b>
            Other Tools: 
          </b>
        </span>
        <Link
          href="/LineupAnalyzer?"
        >
          <a>
            Lineup Analysis
          </a>
        </Link>
      </span>
    </Col>
  </ForwardRef>
  <ForwardRef
    noGutters={false}
  >
    <GenericCollapsibleCard
      summary="On/Off: 2019/20  (M): on:'', auto-off, base:''"
      title="Team and Game Filter"
    >
      <GameFilter
        onChangeState={[Function]}
        onStats={[Function]}
        startingState={Object {}}
      />
    </GenericCollapsibleCard>
  </ForwardRef>
  <ForwardRef
    noGutters={false}
  >
    <GenericCollapsibleCard
      title="Team Analysis"
    >
      <TeamStatsTable
        teamStats={
          Object {
            "baseline": Object {},
            "off": Object {},
            "on": Object {},
          }
        }
      />
    </GenericCollapsibleCard>
  </ForwardRef>
  <ForwardRef
    noGutters={false}
  >
    <GenericCollapsibleCard
      title="Lineup Comparison"
    >
      <RosterCompareTable
        gameFilterParams={Object {}}
        rosterCompareStats={
          Object {
            "baseline": Object {},
            "off": Object {},
            "on": Object {},
          }
        }
      />
    </GenericCollapsibleCard>
  </ForwardRef>
  <ForwardRef
    noGutters={false}
  >
    <GenericCollapsibleCard
      title="Individual Analysis"
    >
      <RosterStatsTable />
    </GenericCollapsibleCard>
  </ForwardRef>
  <Footer
    server="server"
  />
</Container>
`;
