// Jest Snapshot v1, https://goo.gl/fbAQLP

exports[`LuckAdjDiagView LuckAdjDiagView - should create snapshot (baseline, override) 1`] = `
<span>
  <span>
    <b>
      Luck Adjustment diagnostics [
      Test2
      ]
    </b>
    <span>
       
      <a
        href="https://hoop-explorer.blogspot.com/2020/07/luck-adjustment-details.html"
        target="_blank"
      >
        (?)
      </a>
    </span>
     off=[
    <b>
      -1.8
    </b>
    ], def=[
    <b>
      7.7
    </b>
    ], margin=[
    <b>
      -9.5
    </b>
    ] pts/100  (
    <a
      href="#"
      onClick={[Function]}
    >
      show 
      less
    </a>
    )
  </span>
  <ul>
    <li>
      <b>
        Offense
      </b>
      : adjustment [
      <b>
        -1.8
      </b>
      ] pts/100
    </li>
    <ul>
      <li>
        <b>
          3P Shooting
        </b>
        : 3P% [
        <b>
          -2.2
        </b>
        %], eFG [
        <b>
          -1.2
        </b>
        %], adjustment [
        <b>
          -1.8
        </b>
        ] pts/100 (
        <a
          href="#"
          onClick={[Function]}
        >
          show 
          less
        </a>
        )
      </li>
      <ul>
        <li>
          Delta_eFG: [
          <b>
            -1.2
          </b>
          %] = 1.5 * (Adj_3P_Off [
          <b>
            33.0
          </b>
          %] - Sample_3P_Off [
          <b>
            35.3
          </b>
          %]) * Sample_Off_3PR [
          <b>
            37.3
          </b>
          %]
        </li>
        <ul>
          <li>
            <i>
              (The idea is we'll calculate the expected shooting performance of the players in the lineup set, weighted by their usage, and then regress the actual 3P shooting agains that.)
            </i>
          </li>
          <li>
            Adj_3P_Off: [
            <b>
              33.0
            </b>
            %] = 
            <i>
              Weighted_Mean
            </i>
            ( Expected_3P% [
            <b>
              31.7
            </b>
            %], Base_3PA [
            <b>
              800
            </b>
            ], Sample_3P% [
            <b>
              35.3
            </b>
            %], Sample_3PA [
            <b>
              500
            </b>
            ])
          </li>
          <li>
            Expected_3P%: [
            <b>
              31.7
            </b>
            %] = Calculated from 
            <i>
              Weighted_Mean
            </i>
             of:
          </li>
          <ul>
            <li
              key="0"
            >
              [
              <b>
                Cowan, Anthony
              </b>
              ]: Sample_3PA=[
              <b>
                122
              </b>
              ] Base_3P%=[
              <b>
                32.2
              </b>
              %]
            </li>
            <li
              key="1"
            >
              [
              <b>
                Wiggins, Aaron
              </b>
              ]: Sample_3PA=[
              <b>
                163
              </b>
              ] Base_3P%=[
              <b>
                31.3
              </b>
              %]
            </li>
          </ul>
        </ul>
        <li>
          Adj_Delta_Pts/100: [
          <b>
            -1.8
          </b>
          ] = Delta_Pts/100 [
          <b>
            -1.8
          </b>
          ] * D1_Avg_Eff [
          <b>
            100.0
          </b>
          ] / Sample_Def_SOS [
          <b>
            98.3
          </b>
          ]
        </li>
        <li>
          Delta_Pts/100: [
          <b>
            -1.8
          </b>
          ] = Delta_Pts_No_ORBs/100 [
          <b>
            -2.1
          </b>
          ] + Pts_Off_Delta_Misses/100 [
          <b>
            0.3
          </b>
          ]
        </li>
        <ul>
          <li>
            <i>
              (Because of the change in 3P%, there are either more or less misses that can be rebounded by the offense.)
            </i>
          </li>
          <li>
            Delta_Pts_No_ORBs/100: [
            <b>
              -2.1
            </b>
            ] = 2 * Delta_eFG [
            <b>
              -1.2
            </b>
            %] * Sample_Off_FGA [
            <b>
              1100
            </b>
            ] / Sample_Possessions [
            <b>
              1293
            </b>
            ]
          </li>
          <li>
            Pts_Off_Delta_Misses/100: [
            <b>
              0.3
            </b>
            ] = ORB_Factor [
            <b>
              0.3
            </b>
            %] * (Sample_Def_Pts/100 [
            <b>
              111.4
            </b>
            ] + Delta_Pts_No_ORBs/100: [
            <b>
              -2.1
            </b>
            ])
          </li>
          <ul>
            <li>
              ORB_Factor: [
              <b>
                0.3
              </b>
              %] = Delta_Misses% [
              <b>
                0.8
              </b>
              %] * Sample_Def_ORB [
              <b>
                33.7
              </b>
              %] / (1 - Delta_Misses/100 [
              <b>
                0.8
              </b>
              %] * Sample_Def_ORB [
              <b>
                33.7
              </b>
              %])
            </li>
          </ul>
        </ul>
      </ul>
    </ul>
    <li>
      <b>
        Defense
      </b>
      : adjustment [
      <b>
        7.7
      </b>
      ] pts/100
    </li>
    <ul>
      <li>
        <b>
          3P Shooting
        </b>
        : 3P% [
        <b>
          6.1
        </b>
        %], eFG [
        <b>
          3.4
        </b>
        %], adjustment [
        <b>
          7.7
        </b>
        ] pts/100 (
        <a
          href="#"
          onClick={[Function]}
        >
          show 
          less
        </a>
        )
      </li>
      <ul>
        <li>
          Delta_eFG: [
          <b>
            3.4
          </b>
          %] = 1.5 * (Adj_3P_Def [
          <b>
            36.3
          </b>
          %] - Sample_3P_Def [
          <b>
            30.2
          </b>
          %]) * Sample_Def_3PR [
          <b>
            36.9
          </b>
          %]
        </li>
        <ul>
          <li>
            <i>
              (The idea is we calculate a "3P defense" number from the sample, regressed to the [
              <b>
                baseline
              </b>
              ], assuming that [
              <b>
                66.0
              </b>
              %] of it is just luck. Then we calculate a "luck adjusted" 3P% by combining "3P defense" and the weighted average opponent 3P%.)
            </i>
          </li>
          <li>
            Adj_3P_Def: [
            <b>
              36.3
            </b>
            %] = Sample_3P_SoS [
            <b>
              37.2
            </b>
            %] + Delta_3PD [
            <b>
              -1.0
            </b>
            %]
          </li>
          <li>
            Delta_3PD: [
            <b>
              -1.0
            </b>
            %] = 
            <i>
              Weighted_Mean
            </i>
            ( Base_Delta_3PD [
            <b>
              -0.5
            </b>
            %], Base_Possessions [
            <b>
              2089
            </b>
            ], Sample_Delta_3PD [
            <b>
              -2.4
            </b>
            %], Sample_Possessions [
            <b>
              596
            </b>
            ])
          </li>
          <ul>
            <li>
              Base_Delta_3PD: [
              <b>
                -0.5
              </b>
              %] = (1 - Luck_Factor [
              <b>
                66.0
              </b>
              %]) * (Base_3P_Def [
              <b>
                34.0
              </b>
              %] - Base_3P_SoS [
              <b>
                35.6
              </b>
              %])
            </li>
            <li>
              Sample_Delta_3PD: [
              <b>
                -2.4
              </b>
              %] = (1 - Luck_Factor [
              <b>
                66.0
              </b>
              %]) * (Sample_3P_Def [
              <b>
                30.2
              </b>
              %] - Sample_3P_SoS [
              <b>
                37.2
              </b>
              %])
            </li>
          </ul>
        </ul>
        <li>
          Adj_Delta_Pts/100: [
          <b>
            7.7
          </b>
          ] = Delta_Pts/100 [
          <b>
            8.4
          </b>
          ] * D1_Avg_Eff [
          <b>
            100.0
          </b>
          ] / Sample_Off_SOS [
          <b>
            109.2
          </b>
          ]
        </li>
        <li>
          Delta_Pts/100: [
          <b>
            8.4
          </b>
          ] = Delta_Pts_No_ORBs/100 [
          <b>
            9.0
          </b>
          ] + Pts_Off_Delta_Misses/100 [
          <b>
            -0.6
          </b>
          ]
        </li>
        <ul>
          <li>
            <i>
              (Because of the change in 3P%, there are either more or less misses that can be rebounded by the offense.)
            </i>
          </li>
          <li>
            Delta_Pts_No_ORBs/100: [
            <b>
              9.0
            </b>
            ] = 2 * Delta_eFG [
            <b>
              3.4
            </b>
            %] * Sample_Def_FGA [
            <b>
              795
            </b>
            ] / Sample_Possessions [
            <b>
              596
            </b>
            ]
          </li>
          <li>
            Pts_Off_Delta_Misses/100: [
            <b>
              -0.6
            </b>
            ] = ORB_Factor [
            <b>
              -0.6
            </b>
            %] * (Sample_Def_Pts/100 [
            <b>
              91.6
            </b>
            ] + Delta_Pts_No_ORBs/100: [
            <b>
              9.0
            </b>
            ])
          </li>
          <ul>
            <li>
              ORB_Factor: [
              <b>
                -0.6
              </b>
              %] = Delta_Misses% [
              <b>
                -2.2
              </b>
              %] * Sample_Def_ORB [
              <b>
                25.8
              </b>
              %] / (1 - Delta_Misses/100 [
              <b>
                -2.2
              </b>
              %] * Sample_Def_ORB [
              <b>
                25.8
              </b>
              %])
            </li>
          </ul>
        </ul>
      </ul>
    </ul>
    <li>
      <i>
        (Regressing over baseline uses in a smaller and possibly biased dataset, which is bad; but can be useful if there is reason to believe the characteristics of the team are different compared to the sample - eg due to injury.)
      </i>
    </li>
  </ul>
</span>
`;

exports[`LuckAdjDiagView LuckAdjDiagView - should create snapshot (season, !override) 1`] = `
<span>
  <span>
    <b>
      Luck Adjustment diagnostics [
      Test1
      ]
    </b>
     off=[
    <b>
      -1.8
    </b>
    ], def=[
    <b>
      7.7
    </b>
    ], margin=[
    <b>
      -9.5
    </b>
    ] pts/100  (
    <a
      href="#"
      onClick={[Function]}
    >
      show 
      less
    </a>
    )
  </span>
  <ul>
    <li>
      <b>
        Offense
      </b>
      : adjustment [
      <b>
        -1.8
      </b>
      ] pts/100
    </li>
    <ul>
      <li>
        <b>
          3P Shooting
        </b>
        : 3P% [
        <b>
          -2.2
        </b>
        %], eFG [
        <b>
          -1.2
        </b>
        %], adjustment [
        <b>
          -1.8
        </b>
        ] pts/100 (
        <a
          href="#"
          onClick={[Function]}
        >
          show 
          more
        </a>
        )
      </li>
    </ul>
    <li>
      <b>
        Defense
      </b>
      : adjustment [
      <b>
        7.7
      </b>
      ] pts/100
    </li>
    <ul>
      <li>
        <b>
          3P Shooting
        </b>
        : 3P% [
        <b>
          6.1
        </b>
        %], eFG [
        <b>
          3.4
        </b>
        %], adjustment [
        <b>
          7.7
        </b>
        ] pts/100 (
        <a
          href="#"
          onClick={[Function]}
        >
          show 
          more
        </a>
        )
      </li>
    </ul>
  </ul>
</span>
`;
