// Jest Snapshot v1, https://goo.gl/fbAQLP

exports[`GameFilter GameFilter - should create snapshot 1`] = `
<CommonFilter
  buildLinks={[Function]}
  buildParamsFromState={[Function]}
  childHandleResponse={[Function]}
  forceReload1Up={0}
  onChangeCommonState={[Function]}
  onChangeState={[Function]}
  onGameSelectionChange={[Function]}
  startingState={Object {}}
  tablePrefix="game-"
>
  <ContextConsumer>
    <Component />
  </ContextConsumer>
</CommonFilter>
`;
