// Jest Snapshot v1, https://goo.gl/fbAQLP

exports[`PositionalDiagView PositionalDiagView - should create snapshot (basic details, !help) 1`] = `
<span>
  <span>
    <b>
      Positional diagnostics for [
      Cowan, Anthony
      ]
    </b>
     
  </span>
  <ul>
    <li>
      The following table shows the confidence that the player could fit into one of the traditional positional categories. That "signature" is then used to assign a "positional role".
    </li>
    <li>
      Rule used to categorize player: 
      <i>
        <b>
          (P[PG] &gt;= 85%)
        </b>
      </i>
    </li>
  </ul>
  <Container
    fluid={false}
  >
    <Col
      xs={8}
    >
      <GenericTable
        tableData={
          Array [
            GenericTableDataRow {
              "cellMetaFn": [Function],
              "dataObj": Object {
                "pos_c": Object {
                  "value": 6.240264948172465e-10,
                },
                "pos_pf": Object {
                  "value": 0.000004718217541315014,
                },
                "pos_pg": Object {
                  "value": 0.948515301744713,
                },
                "pos_sf": Object {
                  "value": 0.0001964375248842393,
                },
                "pos_sg": Object {
                  "value": 0.051283541888835105,
                },
                "title": "Pure PG",
              },
              "kind": "data-row",
              "prefixFn": [Function],
              "tableFieldsOverride": undefined,
            },
          ]
        }
        tableFields={
          Object {
            "pos_c": GenericTableColProps {
              "className": "",
              "colName": "C%",
              "colorPicker": [Function],
              "formatter": [Function],
              "isTitle": false,
              "missingData": undefined,
              "rowSpan": [Function],
              "toolTip": "% Fit of the player vs signature stats associated with players traditionally called [Center]",
              "widthUnits": 2,
            },
            "pos_pf": GenericTableColProps {
              "className": "",
              "colName": "PF%",
              "colorPicker": [Function],
              "formatter": [Function],
              "isTitle": false,
              "missingData": undefined,
              "rowSpan": [Function],
              "toolTip": "% Fit of the player vs signature stats associated with players traditionally called [Power Forward]",
              "widthUnits": 2,
            },
            "pos_pg": GenericTableColProps {
              "className": "",
              "colName": "PG%",
              "colorPicker": [Function],
              "formatter": [Function],
              "isTitle": false,
              "missingData": undefined,
              "rowSpan": [Function],
              "toolTip": "% Fit of the player vs signature stats associated with players traditionally called [Point Guard]",
              "widthUnits": 2,
            },
            "pos_sf": GenericTableColProps {
              "className": "",
              "colName": "SF%",
              "colorPicker": [Function],
              "formatter": [Function],
              "isTitle": false,
              "missingData": undefined,
              "rowSpan": [Function],
              "toolTip": "% Fit of the player vs signature stats associated with players traditionally called [Small Forward]",
              "widthUnits": 2,
            },
            "pos_sg": GenericTableColProps {
              "className": "",
              "colName": "SG%",
              "colorPicker": [Function],
              "formatter": [Function],
              "isTitle": false,
              "missingData": undefined,
              "rowSpan": [Function],
              "toolTip": "% Fit of the player vs signature stats associated with players traditionally called [Shooting Guard]",
              "widthUnits": 2,
            },
            "sep0": GenericTableColProps {
              "className": "",
              "colName": "",
              "colorPicker": [Function],
              "formatter": [Function],
              "isTitle": false,
              "missingData": undefined,
              "rowSpan": [Function],
              "toolTip": "",
              "widthUnits": 0.5,
            },
            "title": GenericTableColProps {
              "className": "",
              "colName": "",
              "colorPicker": [Function],
              "formatter": [Function],
              "isTitle": true,
              "missingData": undefined,
              "rowSpan": [Function],
              "toolTip": "The positional class associated with this player's statistical signature",
              "widthUnits": 8,
            },
          }
        }
      />
    </Col>
  </Container>
  (
  <a
    href="#"
    onClick={[Function]}
  >
    Show
     detailed positional breakdown
  </a>
  )
</span>
`;

exports[`PositionalDiagView PositionalDiagView - should create snapshot (details, help) 1`] = `
<span>
  <span>
    <b>
      Positional diagnostics for [
      Wiggins, Aaron
      ]
    </b>
     
    <a
      href="https://hoop-explorer.blogspot.com/2020/05/classifying-college-basketball.html"
      target="_new"
    >
      (?)
    </a>
  </span>
  <ul>
    <li>
      The following table shows the confidence that the player could fit into one of the traditional positional categories. That "signature" is then used to assign a "positional role".
      <span>
         See the linked help for more info about the algorithm.
      </span>
    </li>
    <li>
      Rule used to categorize player: 
      <i>
        <b>
          (Max[P] == SG) AND (P[PG] &gt;= P[SF] + P[PF] + P[C])
        </b>
      </i>
    </li>
  </ul>
  <Container
    fluid={false}
  >
    <Col
      xs={8}
    >
      <GenericTable
        tableData={
          Array [
            GenericTableDataRow {
              "cellMetaFn": [Function],
              "dataObj": Object {
                "pos_c": Object {
                  "value": 2.860539327602177e-7,
                },
                "pos_pf": Object {
                  "value": 0.008583821348534111,
                },
                "pos_pg": Object {
                  "value": 0.2117152052070425,
                },
                "pos_sf": Object {
                  "value": 0.07259697433209066,
                },
                "pos_sg": Object {
                  "value": 0.7071037130584001,
                },
                "title": "Combo Guard",
              },
              "kind": "data-row",
              "prefixFn": [Function],
              "tableFieldsOverride": undefined,
            },
          ]
        }
        tableFields={
          Object {
            "pos_c": GenericTableColProps {
              "className": "",
              "colName": "C%",
              "colorPicker": [Function],
              "formatter": [Function],
              "isTitle": false,
              "missingData": undefined,
              "rowSpan": [Function],
              "toolTip": "% Fit of the player vs signature stats associated with players traditionally called [Center]",
              "widthUnits": 2,
            },
            "pos_pf": GenericTableColProps {
              "className": "",
              "colName": "PF%",
              "colorPicker": [Function],
              "formatter": [Function],
              "isTitle": false,
              "missingData": undefined,
              "rowSpan": [Function],
              "toolTip": "% Fit of the player vs signature stats associated with players traditionally called [Power Forward]",
              "widthUnits": 2,
            },
            "pos_pg": GenericTableColProps {
              "className": "",
              "colName": "PG%",
              "colorPicker": [Function],
              "formatter": [Function],
              "isTitle": false,
              "missingData": undefined,
              "rowSpan": [Function],
              "toolTip": "% Fit of the player vs signature stats associated with players traditionally called [Point Guard]",
              "widthUnits": 2,
            },
            "pos_sf": GenericTableColProps {
              "className": "",
              "colName": "SF%",
              "colorPicker": [Function],
              "formatter": [Function],
              "isTitle": false,
              "missingData": undefined,
              "rowSpan": [Function],
              "toolTip": "% Fit of the player vs signature stats associated with players traditionally called [Small Forward]",
              "widthUnits": 2,
            },
            "pos_sg": GenericTableColProps {
              "className": "",
              "colName": "SG%",
              "colorPicker": [Function],
              "formatter": [Function],
              "isTitle": false,
              "missingData": undefined,
              "rowSpan": [Function],
              "toolTip": "% Fit of the player vs signature stats associated with players traditionally called [Shooting Guard]",
              "widthUnits": 2,
            },
            "sep0": GenericTableColProps {
              "className": "",
              "colName": "",
              "colorPicker": [Function],
              "formatter": [Function],
              "isTitle": false,
              "missingData": undefined,
              "rowSpan": [Function],
              "toolTip": "",
              "widthUnits": 0.5,
            },
            "title": GenericTableColProps {
              "className": "",
              "colName": "",
              "colorPicker": [Function],
              "formatter": [Function],
              "isTitle": true,
              "missingData": undefined,
              "rowSpan": [Function],
              "toolTip": "The positional class associated with this player's statistical signature",
              "widthUnits": 8,
            },
          }
        }
      />
    </Col>
  </Container>
  (
  <a
    href="#"
    onClick={[Function]}
  >
    Hide
     detailed positional breakdown
  </a>
  )
  <span>
    <ul>
      <li>
        This table breaks down how a player scores against each of the traditional positions based on the different statistics used to train the algorithm.
      </li>
    </ul>
    <Container
      fluid={false}
    >
      <Col
        xs={11}
      >
        <GenericTable
          tableCopyId="complexDiagTable"
          tableData={
            Array [
              GenericTableDataRow {
                "cellMetaFn": [Function],
                "dataObj": Object {
                  "av_pos_c": Object {
                    "value": 0.4398477456096173,
                  },
                  "av_pos_pf": Object {
                    "value": 0.0348712666630011,
                  },
                  "av_pos_pg": Object {
                    "value": 0.12240657566527435,
                  },
                  "av_pos_sf": Object {
                    "value": -0.12008620073298096,
                  },
                  "av_pos_sg": Object {
                    "value": -0.039406143718373456,
                  },
                  "contrib_pos_c": Object {
                    "value": -1.4516627912414033,
                  },
                  "contrib_pos_pf": Object {
                    "value": -0.42074185306107703,
                  },
                  "contrib_pos_pg": Object {
                    "value": -0.10020557237015684,
                  },
                  "contrib_pos_sf": Object {
                    "value": -0.20723744784802856,
                  },
                  "contrib_pos_sg": Object {
                    "value": 0.0203879626128261,
                  },
                  "feature": <OverlayTrigger
                    overlay={
                      <ForwardRef
                        id="totalScoreTooltip"
                        placement="right"
                      >
                        The average score per position/positional group, and the total score for this player/position group. (10x the actual -relative- value, to make it more readable.)
                      </ForwardRef>
                    }
                    placement="auto"
                  >
                    <b>
                      Total Score
                    </b>
                  </OverlayTrigger>,
                },
                "kind": "data-row",
                "prefixFn": [Function],
                "tableFieldsOverride": undefined,
              },
              GenericTableTextRow {
                "className": "small",
                "kind": "text-row",
                "text": <span>
                  <em>
                    Ball-Handling
                  </em>
                </span>,
              },
              GenericTableDataRow {
                "cellMetaFn": [Function],
                "dataObj": Object {
                  "av_pos_c": Object {
                    "value": 0.0053099646000000006,
                  },
                  "av_pos_pf": Object {
                    "value": 0.007407267600000001,
                  },
                  "av_pos_pg": Object {
                    "value": 0.0158247317,
                  },
                  "av_pos_sf": Object {
                    "value": 0.007924755300000001,
                  },
                  "av_pos_sg": Object {
                    "value": 0.0116668407,
                  },
                  "contrib_pos_c": Object {
                    "value": 0.01945233978039951,
                  },
                  "contrib_pos_pf": Object {
                    "value": -0.007827874950108919,
                  },
                  "contrib_pos_pg": Object {
                    "value": -0.006006655434624159,
                  },
                  "contrib_pos_sf": Object {
                    "value": -0.002455648109960294,
                  },
                  "contrib_pos_sg": Object {
                    "value": -0.002814939002390063,
                  },
                  "feature": <OverlayTrigger
                    overlay={
                      <ForwardRef
                        id="calc_ast_tovTooltip"
                        placement="right"
                      >
                        Assist to Turnover ratio in selected lineups
                      </ForwardRef>
                    }
                    placement="auto"
                  >
                    <b>
                      A/TOV
                    </b>
                  </OverlayTrigger>,
                  "player": Object {
                    "value": 0.008571428571428572,
                  },
                  "pos_c": Object {
                    "value": 0.5964297,
                  },
                  "pos_pf": Object {
                    "value": -0.67240486,
                  },
                  "pos_pg": Object {
                    "value": 0.08281269,
                  },
                  "pos_sf": Object {
                    "value": -0.37973552,
                  },
                  "pos_sg": Object {
                    "value": 0.09093907,
                  },
                },
                "kind": "data-row",
                "prefixFn": [Function],
                "tableFieldsOverride": undefined,
              },
              GenericTableDataRow {
                "cellMetaFn": [Function],
                "dataObj": Object {
                  "av_pos_c": Object {
                    "value": 0.0678368195,
                  },
                  "av_pos_pf": Object {
                    "value": 0.0872447119,
                  },
                  "av_pos_pg": Object {
                    "value": 0.22959304020000001,
                  },
                  "av_pos_sf": Object {
                    "value": 0.0965046281,
                  },
                  "av_pos_sg": Object {
                    "value": 0.1289834115,
                  },
                  "contrib_pos_c": Object {
                    "value": -0.037624862631980414,
                  },
                  "contrib_pos_pf": Object {
                    "value": -0.0058141040578714425,
                  },
                  "contrib_pos_pg": Object {
                    "value": -0.20700736403766284,
                  },
                  "contrib_pos_sf": Object {
                    "value": -0.0015159439344747828,
                  },
                  "contrib_pos_sg": Object {
                    "value": -0.0078362431077644,
                  },
                  "feature": <OverlayTrigger
                    overlay={
                      <ForwardRef
                        id="off_assistTooltip"
                        placement="right"
                      >
                        Assist % for player in selected lineups
                      </ForwardRef>
                    }
                    placement="auto"
                  >
                    <b>
                      A%
                    </b>
                  </OverlayTrigger>,
                  "player": Object {
                    "value": 0.0988235294117647,
                  },
                  "pos_c": Object {
                    "value": -0.12142258,
                  },
                  "pos_pf": Object {
                    "value": -0.05021328,
                  },
                  "pos_pg": Object {
                    "value": 0.15829941,
                  },
                  "pos_sf": Object {
                    "value": -0.06537337,
                  },
                  "pos_sg": Object {
                    "value": 0.02598234,
                  },
                },
                "kind": "data-row",
                "prefixFn": [Function],
                "tableFieldsOverride": undefined,
              },
              GenericTableDataRow {
                "cellMetaFn": [Function],
                "dataObj": Object {
                  "av_pos_c": Object {
                    "value": 0.2031569443,
                  },
                  "av_pos_pf": Object {
                    "value": 0.17624070020000002,
                  },
                  "av_pos_pg": Object {
                    "value": 0.2245687342,
                  },
                  "av_pos_sf": Object {
                    "value": 0.18473305790000003,
                  },
                  "av_pos_sg": Object {
                    "value": 0.180322477,
                  },
                  "contrib_pos_c": Object {
                    "value": -0.019962051211768028,
                  },
                  "contrib_pos_pf": Object {
                    "value": 0.005975216802748543,
                  },
                  "contrib_pos_pg": Object {
                    "value": 0.004340134483836627,
                  },
                  "contrib_pos_sf": Object {
                    "value": 0.005090032487604871,
                  },
                  "contrib_pos_sg": Object {
                    "value": -0.0010070260468663683,
                  },
                  "feature": <OverlayTrigger
                    overlay={
                      <ForwardRef
                        id="off_toTooltip"
                        placement="right"
                      >
                        Turnover % in selected lineups
                      </ForwardRef>
                    }
                    placement="auto"
                  >
                    <b>
                      TO%
                    </b>
                  </OverlayTrigger>,
                  "player": Object {
                    "value": 0.16076743404863644,
                  },
                  "pos_c": Object {
                    "value": 0.04709196,
                  },
                  "pos_pf": Object {
                    "value": -0.03861639,
                  },
                  "pos_pg": Object {
                    "value": -0.00680258,
                  },
                  "pos_sf": Object {
                    "value": -0.02123889,
                  },
                  "pos_sg": Object {
                    "value": 0.0051497,
                  },
                },
                "kind": "data-row",
                "prefixFn": [Function],
                "tableFieldsOverride": undefined,
              },
              GenericTableDataRow {
                "cellMetaFn": [Function],
                "dataObj": Object {
                  "av_pos_c": Object {
                    "value": 0.1414271782,
                  },
                  "av_pos_pf": Object {
                    "value": 0.1509850604,
                  },
                  "av_pos_pg": Object {
                    "value": 0.4749040871,
                  },
                  "av_pos_sf": Object {
                    "value": 0.1780757985,
                  },
                  "av_pos_sg": Object {
                    "value": 0.2387527222,
                  },
                  "contrib_pos_c": Object {
                    "value": -0.000612463459280325,
                  },
                  "contrib_pos_pf": Object {
                    "value": -0.0014010660821467027,
                  },
                  "contrib_pos_pg": Object {
                    "value": -0.04738039865316264,
                  },
                  "contrib_pos_sf": Object {
                    "value": -0.0028639602972416055,
                  },
                  "contrib_pos_sg": Object {
                    "value": 0.0029869672635545854,
                  },
                  "feature": <OverlayTrigger
                    overlay={
                      <ForwardRef
                        id="calc_assist_per_fgaTooltip"
                        placement="right"
                      >
                        The ratio of Assists to FG attempts, expressed as a %
                      </ForwardRef>
                    }
                    placement="auto"
                  >
                    <b>
                      A/FG%
                    </b>
                  </OverlayTrigger>,
                  "player": Object {
                    "value": 0.14334470989761092,
                  },
                  "pos_c": Object {
                    "value": -0.0319402,
                  },
                  "pos_pf": Object {
                    "value": 0.01833772,
                  },
                  "pos_pg": Object {
                    "value": 0.01429017,
                  },
                  "pos_sf": Object {
                    "value": 0.0082461,
                  },
                  "pos_sg": Object {
                    "value": -0.00313073,
                  },
                },
                "kind": "data-row",
                "prefixFn": [Function],
                "tableFieldsOverride": undefined,
              },
              GenericTableTextRow {
                "className": "small",
                "kind": "text-row",
                "text": <span>
                  <em>
                    Shot Selection
                  </em>
                </span>,
              },
              GenericTableDataRow {
                "cellMetaFn": [Function],
                "dataObj": Object {
                  "av_pos_c": Object {
                    "value": 0.0356379852,
                  },
                  "av_pos_pf": Object {
                    "value": 0.3325425692,
                  },
                  "av_pos_pg": Object {
                    "value": 0.4229289926,
                  },
                  "av_pos_sf": Object {
                    "value": 0.2889785749,
                  },
                  "av_pos_sg": Object {
                    "value": 0.4942537206,
                  },
                  "contrib_pos_c": Object {
                    "value": -0.3413469120792678,
                  },
                  "contrib_pos_pf": Object {
                    "value": 0.001826780396754647,
                  },
                  "contrib_pos_pg": Object {
                    "value": 0.03619576724927907,
                  },
                  "contrib_pos_sf": Object {
                    "value": -0.005969653357143445,
                  },
                  "contrib_pos_sg": Object {
                    "value": 0.013562155486154774,
                  },
                  "feature": <OverlayTrigger
                    overlay={
                      <ForwardRef
                        id="off_3prTooltip"
                        placement="right"
                      >
                        Percentage of 3 pointers taken against all field goals
                      </ForwardRef>
                    }
                    placement="auto"
                  >
                    <b>
                      3PR
                    </b>
                  </OverlayTrigger>,
                  "player": Object {
                    "value": 0.5563139931740614,
                  },
                  "pos_c": Object {
                    "value": -0.06555841,
                  },
                  "pos_pf": Object {
                    "value": 0.00081636,
                  },
                  "pos_pg": Object {
                    "value": 0.02713631,
                  },
                  "pos_sf": Object {
                    "value": -0.00223302,
                  },
                  "pos_sg": Object {
                    "value": 0.0218532,
                  },
                },
                "kind": "data-row",
                "prefixFn": [Function],
                "tableFieldsOverride": undefined,
              },
              GenericTableDataRow {
                "cellMetaFn": [Function],
                "dataObj": Object {
                  "av_pos_c": Object {
                    "value": 0.2847977225,
                  },
                  "av_pos_pf": Object {
                    "value": 0.2956317965,
                  },
                  "av_pos_pg": Object {
                    "value": 0.1912683462,
                  },
                  "av_pos_sf": Object {
                    "value": 0.2860747354,
                  },
                  "av_pos_sg": Object {
                    "value": 0.235732551,
                  },
                  "contrib_pos_c": Object {
                    "value": -0.0009866515254197896,
                  },
                  "contrib_pos_pf": Object {
                    "value": 0.0060083837499027805,
                  },
                  "contrib_pos_pg": Object {
                    "value": -0.0009809904081739616,
                  },
                  "contrib_pos_sf": Object {
                    "value": 0.0004352533465141939,
                  },
                  "contrib_pos_sg": Object {
                    "value": -0.004610992795876558,
                  },
                  "feature": <OverlayTrigger
                    overlay={
                      <ForwardRef
                        id="off_2pmidrTooltip"
                        placement="right"
                      >
                        Percentage of mid range 2 pointers taken against all field goals
                      </ForwardRef>
                    }
                    placement="auto"
                  >
                    <b>
                      2PR mid
                    </b>
                  </OverlayTrigger>,
                  "player": Object {
                    "value": 0.2832764505119454,
                  },
                  "pos_c": Object {
                    "value": 0.06485701,
                  },
                  "pos_pf": Object {
                    "value": -0.04862983,
                  },
                  "pos_pg": Object {
                    "value": -0.0010662,
                  },
                  "pos_sf": Object {
                    "value": -0.01555429,
                  },
                  "pos_sg": Object {
                    "value": -0.00969839,
                  },
                },
                "kind": "data-row",
                "prefixFn": [Function],
                "tableFieldsOverride": undefined,
              },
              GenericTableDataRow {
                "cellMetaFn": [Function],
                "dataObj": Object {
                  "av_pos_c": Object {
                    "value": 0.4449382138,
                  },
                  "av_pos_pf": Object {
                    "value": 0.3567309891,
                  },
                  "av_pos_pg": Object {
                    "value": 0.20777164920000002,
                  },
                  "av_pos_sf": Object {
                    "value": 0.3696144649,
                  },
                  "av_pos_sg": Object {
                    "value": 0.25123133599999997,
                  },
                  "contrib_pos_c": Object {
                    "value": 0.04152764042886067,
                  },
                  "contrib_pos_pf": Object {
                    "value": 0.06037906892834526,
                  },
                  "contrib_pos_pg": Object {
                    "value": -0.007320938673343044,
                  },
                  "contrib_pos_sf": Object {
                    "value": 0.01791687322455881,
                  },
                  "contrib_pos_sg": Object {
                    "value": -0.01391191673309909,
                  },
                  "feature": <OverlayTrigger
                    overlay={
                      <ForwardRef
                        id="off_2primrTooltip"
                        placement="right"
                      >
                        Percentage of layup/dunk/etc 2 pointers taken against all field goals
                      </ForwardRef>
                    }
                    placement="auto"
                  >
                    <b>
                      2PR rim
                    </b>
                  </OverlayTrigger>,
                  "player": Object {
                    "value": 0.16040955631399317,
                  },
                  "pos_c": Object {
                    "value": -0.01459524,
                  },
                  "pos_pf": Object {
                    "value": -0.03075521,
                  },
                  "pos_pg": Object {
                    "value": 0.01545738,
                  },
                  "pos_sf": Object {
                    "value": -0.00856427,
                  },
                  "pos_sg": Object {
                    "value": 0.01531782,
                  },
                },
                "kind": "data-row",
                "prefixFn": [Function],
                "tableFieldsOverride": undefined,
              },
              GenericTableDataRow {
                "cellMetaFn": [Function],
                "dataObj": Object {
                  "av_pos_c": Object {
                    "value": 0.4830745745,
                  },
                  "av_pos_pf": Object {
                    "value": 0.3283595915,
                  },
                  "av_pos_pg": Object {
                    "value": 0.36792535530000003,
                  },
                  "av_pos_sf": Object {
                    "value": 0.38637801650000003,
                  },
                  "av_pos_sg": Object {
                    "value": 0.2998916102,
                  },
                  "contrib_pos_c": Object {
                    "value": -0.014098766022390803,
                  },
                  "contrib_pos_pf": Object {
                    "value": 0.019816562351205623,
                  },
                  "contrib_pos_pg": Object {
                    "value": -0.0045128478046607984,
                  },
                  "contrib_pos_sf": Object {
                    "value": -0.00020819493623366162,
                  },
                  "contrib_pos_sg": Object {
                    "value": -0.0008230503228848088,
                  },
                  "feature": <OverlayTrigger
                    overlay={
                      <ForwardRef
                        id="off_ftrTooltip"
                        placement="right"
                      >
                        Free throw rate in selected lineups
                      </ForwardRef>
                    }
                    placement="auto"
                  >
                    <b>
                      FTR
                    </b>
                  </OverlayTrigger>,
                  "player": Object {
                    "value": 0.20136518771331058,
                  },
                  "pos_c": Object {
                    "value": 0.00500472,
                  },
                  "pos_pf": Object {
                    "value": -0.01560428,
                  },
                  "pos_pg": Object {
                    "value": 0.00270944,
                  },
                  "pos_sf": Object {
                    "value": 0.00011253,
                  },
                  "pos_sg": Object {
                    "value": 0.00083536,
                  },
                },
                "kind": "data-row",
                "prefixFn": [Function],
                "tableFieldsOverride": undefined,
              },
              GenericTableTextRow {
                "className": "small",
                "kind": "text-row",
                "text": <span>
                  <em>
                    Shot-Making
                  </em>
                </span>,
              },
              GenericTableDataRow {
                "cellMetaFn": [Function],
                "dataObj": Object {
                  "av_pos_c": Object {
                    "value": 0.9123980713000001,
                  },
                  "av_pos_pf": Object {
                    "value": 0.7522508240000001,
                  },
                  "av_pos_pg": Object {
                    "value": 0.6577471161,
                  },
                  "av_pos_sf": Object {
                    "value": 0.7451155853,
                  },
                  "av_pos_sg": Object {
                    "value": 0.6849348449999999,
                  },
                  "contrib_pos_c": Object {
                    "value": -0.07157097695142202,
                  },
                  "contrib_pos_pf": Object {
                    "value": 0.006701517973200819,
                  },
                  "contrib_pos_pg": Object {
                    "value": 0.0028363097733763287,
                  },
                  "contrib_pos_sf": Object {
                    "value": 0.0009182507338974986,
                  },
                  "contrib_pos_sg": Object {
                    "value": 0.003091878999077093,
                  },
                  "feature": <OverlayTrigger
                    overlay={
                      <ForwardRef
                        id="calc_ft_relative_invTooltip"
                        placement="right"
                      >
                        A very approximate measure of how tough the shots a player takes relative to their overall shooting ability (eFG/FT%) - the lower the number the tougher the shots the player takes.
                      </ForwardRef>
                    }
                    placement="auto"
                  >
                    <b>
                      FGD%
                    </b>
                  </OverlayTrigger>,
                  "player": Object {
                    "value": 0.6298515755218668,
                  },
                  "pos_c": Object {
                    "value": 0.02533069,
                  },
                  "pos_pf": Object {
                    "value": -0.00547513,
                  },
                  "pos_pg": Object {
                    "value": -0.01016761,
                  },
                  "pos_sf": Object {
                    "value": -0.00079665,
                  },
                  "pos_sg": Object {
                    "value": -0.0056131,
                  },
                },
                "kind": "data-row",
                "prefixFn": [Function],
                "tableFieldsOverride": undefined,
              },
              GenericTableDataRow {
                "cellMetaFn": [Function],
                "dataObj": Object {
                  "av_pos_c": Object {
                    "value": 0.1884738296,
                  },
                  "av_pos_pf": Object {
                    "value": 1.1266727492,
                  },
                  "av_pos_pg": Object {
                    "value": 1.0493396937,
                  },
                  "av_pos_sf": Object {
                    "value": 0.9566496407,
                  },
                  "av_pos_sg": Object {
                    "value": 1.0346481608,
                  },
                  "contrib_pos_c": Object {
                    "value": -0.3548668485477285,
                  },
                  "contrib_pos_pf": Object {
                    "value": -0.019270175929596255,
                  },
                  "contrib_pos_pg": Object {
                    "value": -0.0020296505283692464,
                  },
                  "contrib_pos_sf": Object {
                    "value": 0.0052227179562832115,
                  },
                  "contrib_pos_sg": Object {
                    "value": -0.0009975930812728547,
                  },
                  "feature": <OverlayTrigger
                    overlay={
                      <ForwardRef
                        id="calc_three_relativeTooltip"
                        placement="right"
                      >
                        A measure of how good a player is at shooting 3s relative to their overall scoring efficiency (1.5*3P%/eFG)
                      </ForwardRef>
                    }
                    placement="auto"
                  >
                    <b>
                      3PQ%
                    </b>
                  </OverlayTrigger>,
                  "player": Object {
                    "value": 1.0223960590234225,
                  },
                  "pos_c": Object {
                    "value": -0.04255395,
                  },
                  "pos_pf": Object {
                    "value": 0.01847985,
                  },
                  "pos_pg": Object {
                    "value": 0.00753295,
                  },
                  "pos_sf": Object {
                    "value": 0.00794373,
                  },
                  "pos_sg": Object {
                    "value": 0.00814222,
                  },
                },
                "kind": "data-row",
                "prefixFn": [Function],
                "tableFieldsOverride": undefined,
              },
              GenericTableDataRow {
                "cellMetaFn": [Function],
                "dataObj": Object {
                  "av_pos_c": Object {
                    "value": 0.5024908177999999,
                  },
                  "av_pos_pf": Object {
                    "value": 0.7167442076,
                  },
                  "av_pos_pg": Object {
                    "value": 0.4884786213,
                  },
                  "av_pos_sf": Object {
                    "value": 0.6278111965000001,
                  },
                  "av_pos_sg": Object {
                    "value": 0.6642783824,
                  },
                  "contrib_pos_c": Object {
                    "value": -0.03354469847484951,
                  },
                  "contrib_pos_pf": Object {
                    "value": -0.017289763877176418,
                  },
                  "contrib_pos_pg": Object {
                    "value": 0.003987020561549374,
                  },
                  "contrib_pos_sf": Object {
                    "value": 0.00008415868795615313,
                  },
                  "contrib_pos_sg": Object {
                    "value": -0.0012963797839463578,
                  },
                  "feature": <OverlayTrigger
                    overlay={
                      <ForwardRef
                        id="calc_mid_relativeTooltip"
                        placement="right"
                      >
                        A measure of how good a player is at shooting mid-range 2s relative to their overall scoring efficiency (2Pmid%/eFG)
                      </ForwardRef>
                    }
                    placement="auto"
                  >
                    <b>
                      MidQ%
                    </b>
                  </OverlayTrigger>,
                  "player": Object {
                    "value": 0.6299099744703721,
                  },
                  "pos_c": Object {
                    "value": -0.02632626,
                  },
                  "pos_pf": Object {
                    "value": 0.01991123,
                  },
                  "pos_pg": Object {
                    "value": 0.00281905,
                  },
                  "pos_sf": Object {
                    "value": 0.00400989,
                  },
                  "pos_sg": Object {
                    "value": 0.00377201,
                  },
                },
                "kind": "data-row",
                "prefixFn": [Function],
                "tableFieldsOverride": undefined,
              },
              GenericTableDataRow {
                "cellMetaFn": [Function],
                "dataObj": Object {
                  "av_pos_c": Object {
                    "value": 0.911321825,
                  },
                  "av_pos_pf": Object {
                    "value": 1.2415465104,
                  },
                  "av_pos_pg": Object {
                    "value": 0.7356142109,
                  },
                  "av_pos_sf": Object {
                    "value": 1.1339010007,
                  },
                  "av_pos_sg": Object {
                    "value": 1.1104221365,
                  },
                  "contrib_pos_c": Object {
                    "value": -0.24543074169894397,
                  },
                  "contrib_pos_pf": Object {
                    "value": 0.10066146942550594,
                  },
                  "contrib_pos_pg": Object {
                    "value": -0.08361501434257791,
                  },
                  "contrib_pos_sf": Object {
                    "value": 0.06895308370025935,
                  },
                  "contrib_pos_sg": Object {
                    "value": 0.034480735743447705,
                  },
                  "feature": <OverlayTrigger
                    overlay={
                      <ForwardRef
                        id="calc_rim_relativeTooltip"
                        placement="right"
                      >
                        A measure of how good a player is at shooting layups/posts/drunks relative to their overall scoring efficiency (2Prim%/eFG)
                      </ForwardRef>
                    }
                    placement="auto"
                  >
                    <b>
                      RimQ%
                    </b>
                  </OverlayTrigger>,
                  "player": Object {
                    "value": 1.5758917978327929,
                  },
                  "pos_c": Object {
                    "value": -0.03693076,
                  },
                  "pos_pf": Object {
                    "value": 0.03010704,
                  },
                  "pos_pg": Object {
                    "value": -0.00995088,
                  },
                  "pos_sf": Object {
                    "value": 0.01560057,
                  },
                  "pos_sg": Object {
                    "value": 0.00740773,
                  },
                },
                "kind": "data-row",
                "prefixFn": [Function],
                "tableFieldsOverride": undefined,
              },
              GenericTableTextRow {
                "className": "small",
                "kind": "text-row",
                "text": <span>
                  <em>
                    Rebounding and Defense
                  </em>
                </span>,
              },
              GenericTableDataRow {
                "cellMetaFn": [Function],
                "dataObj": Object {
                  "av_pos_c": Object {
                    "value": 0.014245939999999999,
                  },
                  "av_pos_pf": Object {
                    "value": 0.0137913931,
                  },
                  "av_pos_pg": Object {
                    "value": 0.0235837429,
                  },
                  "av_pos_sf": Object {
                    "value": 0.017650082600000002,
                  },
                  "av_pos_sg": Object {
                    "value": 0.0192243356,
                  },
                  "contrib_pos_c": Object {
                    "value": -0.049176097284612356,
                  },
                  "contrib_pos_pf": Object {
                    "value": -0.027266930466083267,
                  },
                  "contrib_pos_pg": Object {
                    "value": -0.04727256027898751,
                  },
                  "contrib_pos_sf": Object {
                    "value": -0.000031389682828545,
                  },
                  "contrib_pos_sg": Object {
                    "value": -0.00795540190043393,
                  },
                  "feature": <OverlayTrigger
                    overlay={
                      <ForwardRef
                        id="def_toTooltip"
                        placement="right"
                      >
                        Steal % in selected lineups
                      </ForwardRef>
                    }
                    placement="auto"
                  >
                    <b>
                      Stl%
                    </b>
                  </OverlayTrigger>,
                  "player": Object {
                    "value": 0.0177717019822283,
                  },
                  "pos_c": Object {
                    "value": -1.39476509,
                  },
                  "pos_pf": Object {
                    "value": -0.68504559,
                  },
                  "pos_pg": Object {
                    "value": 0.8133556,
                  },
                  "pos_sf": Object {
                    "value": -0.02580977,
                  },
                  "pos_sg": Object {
                    "value": 0.54765371,
                  },
                },
                "kind": "data-row",
                "prefixFn": [Function],
                "tableFieldsOverride": undefined,
              },
              GenericTableDataRow {
                "cellMetaFn": [Function],
                "dataObj": Object {
                  "av_pos_c": Object {
                    "value": 0.0999968819,
                  },
                  "av_pos_pf": Object {
                    "value": 0.0802877462,
                  },
                  "av_pos_pg": Object {
                    "value": 0.0236238544,
                  },
                  "av_pos_sf": Object {
                    "value": 0.06815933880000001,
                  },
                  "av_pos_sg": Object {
                    "value": 0.0290276186,
                  },
                  "contrib_pos_c": Object {
                    "value": -0.23527602646240853,
                  },
                  "contrib_pos_pf": Object {
                    "value": -0.09402137122251414,
                  },
                  "contrib_pos_pg": Object {
                    "value": -0.05590854110915088,
                  },
                  "contrib_pos_sf": Object {
                    "value": -0.01859742271033884,
                  },
                  "contrib_pos_sg": Object {
                    "value": -0.033688967250105235,
                  },
                  "feature": <OverlayTrigger
                    overlay={
                      <ForwardRef
                        id="off_orbTooltip"
                        placement="right"
                      >
                        Offensive rebounding % in selected lineups
                      </ForwardRef>
                    }
                    placement="auto"
                  >
                    <b>
                      OR%
                    </b>
                  </OverlayTrigger>,
                  "player": Object {
                    "value": 0.044416243654822336,
                  },
                  "pos_c": Object {
                    "value": 0.42330573,
                  },
                  "pos_pf": Object {
                    "value": 0.26210603,
                  },
                  "pos_pg": Object {
                    "value": -0.26888945,
                  },
                  "pos_sf": Object {
                    "value": 0.07832771,
                  },
                  "pos_sg": Object {
                    "value": -0.21892123,
                  },
                },
                "kind": "data-row",
                "prefixFn": [Function],
                "tableFieldsOverride": undefined,
              },
              GenericTableDataRow {
                "cellMetaFn": [Function],
                "dataObj": Object {
                  "av_pos_c": Object {
                    "value": 0.16956138760000003,
                  },
                  "av_pos_pf": Object {
                    "value": 0.1819500365,
                  },
                  "av_pos_pg": Object {
                    "value": 0.0914476026,
                  },
                  "av_pos_sf": Object {
                    "value": 0.1512246281,
                  },
                  "av_pos_sg": Object {
                    "value": 0.1045976203,
                  },
                  "contrib_pos_c": Object {
                    "value": -0.2630358667773048,
                  },
                  "contrib_pos_pf": Object {
                    "value": -0.39433580174554483,
                  },
                  "contrib_pos_pg": Object {
                    "value": 0.21764075838691102,
                  },
                  "contrib_pos_sf": Object {
                    "value": -0.15791866187516057,
                  },
                  "contrib_pos_sg": Object {
                    "value": 0.08303049053367459,
                  },
                  "feature": <OverlayTrigger
                    overlay={
                      <ForwardRef
                        id="off_drbTooltip"
                        placement="right"
                      >
                        Defensive rebounding % in selected lineups
                      </ForwardRef>
                    }
                    placement="auto"
                  >
                    <b>
                      DR%
                    </b>
                  </OverlayTrigger>,
                  "player": Object {
                    "value": 0,
                  },
                  "pos_c": Object {
                    "value": 0.15512722,
                  },
                  "pos_pf": Object {
                    "value": 0.21672752,
                  },
                  "pos_pg": Object {
                    "value": -0.23799504,
                  },
                  "pos_sf": Object {
                    "value": 0.10442655,
                  },
                  "pos_sg": Object {
                    "value": -0.07938086,
                  },
                },
                "kind": "data-row",
                "prefixFn": [Function],
                "tableFieldsOverride": undefined,
              },
              GenericTableDataRow {
                "cellMetaFn": [Function],
                "dataObj": Object {
                  "av_pos_c": Object {
                    "value": 0.0449095752,
                  },
                  "av_pos_pf": Object {
                    "value": 0.0353329686,
                  },
                  "av_pos_pg": Object {
                    "value": 0.005074379100000001,
                  },
                  "av_pos_sf": Object {
                    "value": 0.0174476033,
                  },
                  "av_pos_sg": Object {
                    "value": 0.007975160700000001,
                  },
                  "contrib_pos_c": Object {
                    "value": -0.19715955385022882,
                  },
                  "contrib_pos_pf": Object {
                    "value": -0.03922404640894013,
                  },
                  "contrib_pos_pg": Object {
                    "value": -0.03351243068191078,
                  },
                  "contrib_pos_sf": Object {
                    "value": 0.0008450363261314196,
                  },
                  "contrib_pos_sg": Object {
                    "value": -0.019687635941797746,
                  },
                  "feature": <OverlayTrigger
                    overlay={
                      <ForwardRef
                        id="def_2primTooltip"
                        placement="right"
                      >
                        Block % in selected lineups
                      </ForwardRef>
                    }
                    placement="auto"
                  >
                    <b>
                      Blk%
                    </b>
                  </OverlayTrigger>,
                  "player": Object {
                    "value": 0.016581632653061226,
                  },
                  "pos_c": Object {
                    "value": 0.69598967,
                  },
                  "pos_pf": Object {
                    "value": 0.20918001,
                  },
                  "pos_pg": Object {
                    "value": -0.29122875,
                  },
                  "pos_sf": Object {
                    "value": -0.09758256,
                  },
                  "pos_sg": Object {
                    "value": -0.22875385,
                  },
                },
                "kind": "data-row",
                "prefixFn": [Function],
                "tableFieldsOverride": undefined,
              },
              GenericTableDataRow {
                "cellMetaFn": [Function],
                "dataObj": Object {
                  "av_pos_c": Object {
                    "value": 0.0495930882,
                  },
                  "av_pos_pf": Object {
                    "value": 0.0446174325,
                  },
                  "av_pos_pg": Object {
                    "value": 0.0314774871,
                  },
                  "av_pos_sf": Object {
                    "value": 0.038600495900000004,
                  },
                  "av_pos_sg": Object {
                    "value": 0.030842279000000004,
                  },
                  "contrib_pos_c": Object {
                    "value": -0.08779800008267521,
                  },
                  "contrib_pos_pf": Object {
                    "value": -0.05053098461175968,
                  },
                  "contrib_pos_pg": Object {
                    "value": 0.007935253462240222,
                  },
                  "contrib_pos_sf": Object {
                    "value": 0.002944221325128428,
                  },
                  "contrib_pos_sg": Object {
                    "value": 0.01727202427172816,
                  },
                  "feature": <OverlayTrigger
                    overlay={
                      <ForwardRef
                        id="def_ftrTooltip"
                        placement="right"
                      >
                        Fouls called/50 possessions in selected lineups
                      </ForwardRef>
                    }
                    placement="auto"
                  >
                    <b>
                      F/50
                    </b>
                  </OverlayTrigger>,
                  "player": Object {
                    "value": 0.02248803827751196,
                  },
                  "pos_c": Object {
                    "value": 0.3239175,
                  },
                  "pos_pf": Object {
                    "value": 0.22834328,
                  },
                  "pos_pg": Object {
                    "value": -0.08827297,
                  },
                  "pos_sf": Object {
                    "value": -0.01827295,
                  },
                  "pos_sg": Object {
                    "value": -0.20674559,
                  },
                },
                "kind": "data-row",
                "prefixFn": [Function],
                "tableFieldsOverride": undefined,
              },
            ]
          }
          tableFields={
            Object {
              "av_pos_c": GenericTableColProps {
                "className": "",
                "colName": "Av C",
                "colorPicker": [Function],
                "formatter": [Function],
                "isTitle": false,
                "missingData": undefined,
                "rowSpan": [Function],
                "toolTip": "The average for this feature for the players in the training set for position [Center]",
                "widthUnits": 2,
              },
              "av_pos_pf": GenericTableColProps {
                "className": "",
                "colName": "Av PF",
                "colorPicker": [Function],
                "formatter": [Function],
                "isTitle": false,
                "missingData": undefined,
                "rowSpan": [Function],
                "toolTip": "The average for this feature for the players in the training set for position [Power Forward]",
                "widthUnits": 2,
              },
              "av_pos_pg": GenericTableColProps {
                "className": "",
                "colName": "Av PG",
                "colorPicker": [Function],
                "formatter": [Function],
                "isTitle": false,
                "missingData": undefined,
                "rowSpan": [Function],
                "toolTip": "The average for this feature for the players in the training set for position [Point Guard]",
                "widthUnits": 2,
              },
              "av_pos_sf": GenericTableColProps {
                "className": "",
                "colName": "Av SF",
                "colorPicker": [Function],
                "formatter": [Function],
                "isTitle": false,
                "missingData": undefined,
                "rowSpan": [Function],
                "toolTip": "The average for this feature for the players in the training set for position [Small Forward]",
                "widthUnits": 2,
              },
              "av_pos_sg": GenericTableColProps {
                "className": "",
                "colName": "Av SG",
                "colorPicker": [Function],
                "formatter": [Function],
                "isTitle": false,
                "missingData": undefined,
                "rowSpan": [Function],
                "toolTip": "The average for this feature for the players in the training set for position [Shooting Guard]",
                "widthUnits": 2,
              },
              "contrib_pos_c": GenericTableColProps {
                "className": "",
                "colName": "+- C%",
                "colorPicker": [Function],
                "formatter": [Function],
                "isTitle": false,
                "missingData": undefined,
                "rowSpan": [Function],
                "toolTip": "A relative value for much this feature improves/reduces the chance of this player's fit for this position ([Center])",
                "widthUnits": 2,
              },
              "contrib_pos_pf": GenericTableColProps {
                "className": "",
                "colName": "+- PF%",
                "colorPicker": [Function],
                "formatter": [Function],
                "isTitle": false,
                "missingData": undefined,
                "rowSpan": [Function],
                "toolTip": "A relative value for much this feature improves/reduces the chance of this player's fit for this position ([Power Forward])",
                "widthUnits": 2,
              },
              "contrib_pos_pg": GenericTableColProps {
                "className": "",
                "colName": "+- PG%",
                "colorPicker": [Function],
                "formatter": [Function],
                "isTitle": false,
                "missingData": undefined,
                "rowSpan": [Function],
                "toolTip": "A relative value for much this feature improves/reduces the chance of this player's fit for this position ([Point Guard])",
                "widthUnits": 2,
              },
              "contrib_pos_sf": GenericTableColProps {
                "className": "",
                "colName": "+- SF%",
                "colorPicker": [Function],
                "formatter": [Function],
                "isTitle": false,
                "missingData": undefined,
                "rowSpan": [Function],
                "toolTip": "A relative value for much this feature improves/reduces the chance of this player's fit for this position ([Small Forward])",
                "widthUnits": 2,
              },
              "contrib_pos_sg": GenericTableColProps {
                "className": "",
                "colName": "+- SG%",
                "colorPicker": [Function],
                "formatter": [Function],
                "isTitle": false,
                "missingData": undefined,
                "rowSpan": [Function],
                "toolTip": "A relative value for much this feature improves/reduces the chance of this player's fit for this position ([Shooting Guard])",
                "widthUnits": 2,
              },
              "feature": GenericTableColProps {
                "className": "",
                "colName": "",
                "colorPicker": [Function],
                "formatter": [Function],
                "isTitle": true,
                "missingData": undefined,
                "rowSpan": [Function],
                "toolTip": "Each of the statistical features used in the classification",
                "widthUnits": 8,
              },
              "player": GenericTableColProps {
                "className": "",
                "colName": "Player %",
                "colorPicker": [Function],
                "formatter": [Function],
                "isTitle": false,
                "missingData": undefined,
                "rowSpan": [Function],
                "toolTip": "The value of this player vs this statistic",
                "widthUnits": 2,
              },
              "pos_c": GenericTableColProps {
                "className": "",
                "colName": "Wt C",
                "colorPicker": [Function],
                "formatter": [Function],
                "isTitle": false,
                "missingData": undefined,
                "rowSpan": [Function],
                "toolTip": "The weight associated with this feature for the position [Center]",
                "widthUnits": 2,
              },
              "pos_pf": GenericTableColProps {
                "className": "",
                "colName": "Wt PF",
                "colorPicker": [Function],
                "formatter": [Function],
                "isTitle": false,
                "missingData": undefined,
                "rowSpan": [Function],
                "toolTip": "The weight associated with this feature for the position [Power Forward]",
                "widthUnits": 2,
              },
              "pos_pg": GenericTableColProps {
                "className": "",
                "colName": "Wt PG",
                "colorPicker": [Function],
                "formatter": [Function],
                "isTitle": false,
                "missingData": undefined,
                "rowSpan": [Function],
                "toolTip": "The weight associated with this feature for the position [Point Guard]",
                "widthUnits": 2,
              },
              "pos_sf": GenericTableColProps {
                "className": "",
                "colName": "Wt SF",
                "colorPicker": [Function],
                "formatter": [Function],
                "isTitle": false,
                "missingData": undefined,
                "rowSpan": [Function],
                "toolTip": "The weight associated with this feature for the position [Small Forward]",
                "widthUnits": 2,
              },
              "pos_sg": GenericTableColProps {
                "className": "",
                "colName": "Wt SG",
                "colorPicker": [Function],
                "formatter": [Function],
                "isTitle": false,
                "missingData": undefined,
                "rowSpan": [Function],
                "toolTip": "The weight associated with this feature for the position [Shooting Guard]",
                "widthUnits": 2,
              },
              "sep0": GenericTableColProps {
                "className": "",
                "colName": "",
                "colorPicker": [Function],
                "formatter": [Function],
                "isTitle": false,
                "missingData": undefined,
                "rowSpan": [Function],
                "toolTip": "",
                "widthUnits": 0.5,
              },
              "sep1": GenericTableColProps {
                "className": "",
                "colName": "",
                "colorPicker": [Function],
                "formatter": [Function],
                "isTitle": false,
                "missingData": undefined,
                "rowSpan": [Function],
                "toolTip": "",
                "widthUnits": 0.5,
              },
              "sep2": GenericTableColProps {
                "className": "",
                "colName": "",
                "colorPicker": [Function],
                "formatter": [Function],
                "isTitle": false,
                "missingData": undefined,
                "rowSpan": [Function],
                "toolTip": "",
                "widthUnits": 0.5,
              },
              "sep3": GenericTableColProps {
                "className": "",
                "colName": "",
                "colorPicker": [Function],
                "formatter": [Function],
                "isTitle": false,
                "missingData": undefined,
                "rowSpan": [Function],
                "toolTip": "",
                "widthUnits": 0.5,
              },
              "sep4": GenericTableColProps {
                "className": "",
                "colName": "",
                "colorPicker": [Function],
                "formatter": [Function],
                "isTitle": false,
                "missingData": undefined,
                "rowSpan": [Function],
                "toolTip": "",
                "widthUnits": 0.5,
              },
              "sep5": GenericTableColProps {
                "className": "",
                "colName": "",
                "colorPicker": [Function],
                "formatter": [Function],
                "isTitle": false,
                "missingData": undefined,
                "rowSpan": [Function],
                "toolTip": "",
                "widthUnits": 0.5,
              },
            }
          }
        />
      </Col>
    </Container>
    (
    <a
      href="#"
      onClick={[Function]}
    >
      Scroll back to start of positional diagnostics
    </a>
    )
  </span>
</span>
`;
