// Jest Snapshot v1, https://goo.gl/fbAQLP

exports[`TeamReportFilter TeamReportFilter - should create snapshot 1`] = `
<CommonFilter
  buildParamsFromState={[Function]}
  childHandleResponse={[Function]}
  onChangeCommonState={[Function]}
  onChangeState={[Function]}
  startingState={Object {}}
  tablePrefix="report-"
/>
`;
